       2       8      57 src/test/resources/lorem-ipsum.txt
