       2       8      57 src/test/resources/lorem-ipsum.txt
       2      45     240 src/test/resources/forest-gump.txt
       4      53     297 total
