       0       0       0 src\test\resources\empty-file.txt
