       2       8      59 src\test\resources\lorem-ipsum.txt
       2      45     242 src\test\resources\forest-gump.txt
       4      53     301 total
