       2       8      59 src\test\resources\lorem-ipsum.txt
